3........In  Hive  create Sourcedb

naveen@naveen-VirtualBox:~$ cd apache-hive-1.2.2-bin/bin
naveen@naveen-VirtualBox:~/apache-hive-1.2.2-bin/bin$ bash
naveen@naveen-VirtualBox:~/apache-hive-1.2.2-bin/bin$ hive
ls: cannot access '/home/naveen/spark-3.0.3-bin-hadoop2.7/lib/spark-assembly-*.jar': No such file or directory

Logging initialized using configuration in jar:file:/home/naveen/apache-hive-1.2.2-bin/lib/hive-common-1.2.2.jar!/hive-log4j.properties
hive> create database sourcedb;
OK
Time taken: 0.777 seconds
hive> show databases;
OK
default
rajesh
sourcedb
Time taken: 0.272 seconds, Fetched: 3 row(s)
hive> use sourcedb;
OK
Time taken: 0.008 seconds

----------------------------------------------------------------------------------------------------------------------------------------
4.........In Hive Sourcedb, Create Managed tables for  Customers, Branch 

TABLE 1 CUSTOMERS
-----------------
hive> CREATE TABLE CUSTOMERS(CUST_ID BIGINT,CUST_F_NAME VARCHAR(40),CUST_M_NAME VARCHAR(40),CUST_L_NAME VARCHAR(40),CUST_CC_NO BIGINT,CARD_TYPE VARCHAR(10),CARD_LIMIT BIGINT,CARD_END_DATE VARCHAR(10),CUST_SSN BIGINT,CUST_STREET VARCHAR(30),CUST_CITY VARCHAR(30),CUST_STATE VARCHAR(30),CUST_COUNTRY VARCHAR(30),CUST_ZIP VARCHAR(7),CUST_PHONE VARCHAR(15),CUST_EMAIL VARCHAR(40)) ROW FORMAT DELIMITED FIELDS TERMINATED BY ',' STORED AS TEXTFILE;
OK
Time taken: 0.1 seconds
hive> load data local inpath '/home/naveen/sourcelocal/Customer.csv' into table CUSTOMERS;
Loading data to table sourcedb.customers
Table sourcedb.customers stats: [numFiles=1, totalSize=9245]
OK
Time taken: 0.182 seconds
hive> select * from CUSTOMERS;
OK
3562001602      Chrissie                Rayner  6334878173213670        amex    500000  9/12/2017       567936602       Noble Embers Ridge      Littleton       CO      US      80126+1 717 949 2403	crayner1@intel.com
3562001603	Titus		Paolozzi	3567523223820780	visa	50000	6/17/2024	190445473	Blue Pioneer Bend	Caguas	PR	US	734	+1 757 848 9150	tpaolozzi2@blinklist.com
3562001604	Jethro	Byrom	Winear	3039905356295530	amex	500000	7/16/2021	143032108	Little Common	San Marcos	CA	US	92069	+1 816 186 9310	bwinear3@vimeo.com
3562001606	Lura		Flye	3578070062995380	visa	50000	10/20/2018	280264513	Sleepy Quail Promenade	Passaic	NJ	US	7055	+1 772 139 8613	lflye5@dedecms.com
3562001607	Merrill		Ratcliff	5403648817321420	master	100000	3/3/2017	195223654	High Concession	Caguas	PR	US	732	+1 573 585 6385	mratcliff6@scribd.com
3562001608	Venita	Lennard	Rutgers	3547496963061990	visa	50000	5/24/2024	531442970	Foggy Forest Plaza	Lawrence	MA	US	1841	+1 254 211 9979	lrutgers7@apache.org
3562001610	Orbadiah		Royson	3051418309044220	amex	500000	4/1/2023	835384343	Harvest Beacon Plaza	Stafford	VA	US	22554+1 810 522 5383	oroyson9@go.com
3562001611	Merle		McGenn	4936290378811880	master	100000	4/23/2025	653470680	Stony Woods	Caguas	PR	US	731	+1 406 417 2673	mmcgenna@va.gov
3562001612	Fidel		Windas	3531017574361360	visa	50000	7/9/2019	355714929	Jagged Embers By-pass	San Antonio	TX	US	78227	+1 804 180 9650	fwindasb@sohu.com
3562001613	Beatrice		Feedome	3588589058006900	visa	50000	3/18/2019	763905687	Iron Oak Gardens	Caguas	PR	US	730	+1 309 683 3480	bfeedomec@huffingtonpost.com
3562001614	Asia		Trudgion	5602256302089870	amex	500000	1/25/2024	533779130	Hazy Pony Square	Pico Rivera	CA	US	90660+1 954 856 5685	atrudgiond@istockphoto.com
3562001615	Nessa		Brisse	3566727575950610	visa	50000	2/12/2027	398859724	Burning Glen	Fontana	CA	US	92336	+1 419 532 7150	nbrissee@latimes.com
3562001616	Cristine	Vittorio	Braxay	2017260974760290	amex	50000	6/11/2021	585616059	Iron Port	Caguas	PR	US	728	+1 480 225 2696	vbraxayf@google.es
3562001617	Tucky		Sabbatier	3058775791217550	amex	500000	7/18/2023	496377931	Noble Pike	Taylor	MI	US	48180	+1 916 850 3084	tsabbatierg@ezinearticles.com
3562001621	Peg		Welbrock	3537914201882630	visa	50000	8/16/2017	462741915	Old Willow Mall	Caguas	PR	US	726	+1 334 137 9866	pwelbrockk@privacy.gov.au
3562001622	Amity		Birkenshaw	3746221893451670	amex	500000	10/24/2017	527168982	Heather Plaza	Brownsville	TX	US	78521	+1 615 366 1814	abirkenshawl@eepurl.com
3562001623	Marylynne	Sheff	Peddel	4913946420798260	visa	50000	1/3/2022	726028398	Noble Embers Ridge	Littleton	CO	US	80126+1 864 790 6549	speddelm@pagesperso-orange.fr
3562001624	Vladamir	Augy	Hehl	6763887925070990	master	100000	9/4/2025	854984549	Blue Pioneer Bend	Caguas	PR	US	734	+1 716 835 0196	ahehln@flickr.com
3562001626	Giacomo		Clifton	3746227754890490	amex	500000	9/6/2024	416699493	Sleepy Quail Promenade	Passaic	NJ	US	7055	+1 337 402 2450	gcliftonp@moonfruit.com
3562001627	Dalila		Weatherhead	3539018736993780	visa	50000	6/5/2024	756695602	Little Common	San Marcos	CA	US	92069	+1 808 398 2893	dweatherheadq@ox.ac.uk
3562001629	Sherlock	Vince	Woolliams	5602225917136840	amex	500000	2/12/2021	381425374	Heather Plaza	Brownsville	TX	US	78521+1 757 383 3911	vwoolliamss@moonfruit.com
3562001630	Elladine	Kenneth	Dealy	6378610833616780	master	100000	1/4/2020	522026991	Jagged Embers By-pass	San Antonio	TX	US	78227+1 859 998 8474	kdealyt@fda.gov
3562001631	Marlow	Deane	Seleway	3537861601381620	visa	50000	11/19/2016	417953628	Noble Embers Ridge	Littleton	CO	US	80126	+1 412 982 3736	dselewayu@ebay.co.uk
3562001634	Haywood	Cesare	Gernier	3555072384085640	visa	50000	11/17/2021	324748675	Blue Pioneer Bend	Caguas	PR	US	734	+1 212 448 8386	cgernierx@bandcamp.com
3562001635	Sampson		Genge	5602257512986730	amex	500000	7/11/2022	742724564	Hazy Pony Square	Pico Rivera	CA	US	90660	+1 757 695 1072	sgengey@pinterest.com
3562001636	Iggy		Wardale	3584827256597080	visa	50000	11/23/2024	629172934	Heather Plaza	Brownsville	TX	US	78521	+1 251 725 5153	iwardalez@oaic.gov.au
3562001637	Lorain		Crone	4913586748929930	visa	50000	10/7/2021	316626688	Little Common	San Marcos	CA	US	92069	+1 517 961 4429	lcrone10@umich.edu
3562001638	Denny		Hehir	5210169439885370	master	100000	1/5/2017	610816990	Sleepy Quail Promenade	Passaic	NJ	US	7055	+1 504 393 4533	dhehir11@dmoz.org
3562001643	Edmund		Trigg	5468084768591910	master	100000	11/6/2024	646192779	Red Treasure Bay	Caguas	PR	US	725	+1 206 405 7594	etrigg16@globo.com
3562001649	Fawnia		Swale	5127419432105430	master	100000	3/21/2025	531517681	Heather Plaza	Brownsville	TX	US	78521	+1 336 877 8067	fswale1c@china.com.cn
3562001650	Cristine		Juden	6334827235490350	amex	500000	10/19/2025	551848770	Heather Plaza	Brownsville	TX	US	78521	+1 704 677 7654	cjuden1d@mac.com
3562001651	Freeman	Bartlet	Ledeker	3574831034580740	visa	50000	4/18/2027	403637146	Sleepy Quail Promenade	Passaic	NJ	US	7055	+1 517 911 6224	bledeker1e@ftc.gov
3562001652	Gina		Massimi	3553250558494440	visa	50000	5/27/2019	185955202	Noble Embers Ridge	Littleton	CO	US	80126	+1 502 816 5970	gmassimi1f@dell.com
3562001654	Amil	Curr	Fawbert	5010120208028190	master	100000	1/14/2023	490994326	Blue Pioneer Bend	Caguas	PR	US	734	+1 253 856 2116	cfawbert1h@cbslocal.com
3562001661	Clarinda		Scoone	4936566808390050	master	100000	8/11/2026	636563744	Jagged Embers By-pass	San Antonio	TX	US	78227+1 602 378 0333	cscoone1o@amazon.co.uk
3562001662	Reta		Nairy	2017763113611190	amex	500000	5/11/2018	651396269	Quaking Street	Caguas	PR	US	727	+1 203 243 6626	rnairy1p@51.la
3562001664	Nessy		Royal	6334792030406340	amex	500000	5/1/2023	639326651	Blue Pioneer Bend	Caguas	PR	US	734	+1 615 689 4921	nroyal1r@google.co.uk
3562001667	Devlen		Pietraszek	3576170925662380	visa	50000	11/7/2023	132925451	Little Common	San Marcos	CA	US	92069	+1 336 224 8090	dpietraszek1u@harvard.edu
3562001674	Rhoda	Arlin	Biddles	3549138667705450	visa	50000	5/22/2020	828832569	Foggy Forest Plaza	Lawrence	MA	US	1841	+1 907 887 3749	abiddles21@usa.gov
3562001675	Florenza	Marwin	Tortice	3576661367312800	visa	50000	3/21/2021	247313110	Noble Embers Ridge	Littleton	CO	US	80126+1 413 980 1736	mtortice22@over-blog.com
3562001676	Trumaine	Arel	Lukock	4905195125036260	master	100000	10/6/2024	138775149	Old Willow Mall	Caguas	PR	US	726	+1 281 295 2425	alukock23@desdev.cn
3562001678	Bogart	Raimund	Summersby	3041940220450330	amex	500000	5/25/2024	580262327	Hazy Pony Square	Pico Rivera	CA	US	90660+1 858 151 3669	rsummersby25@hubpages.com
3562001679	Sawyer		Ismail	3547026896168710	visa	50000	12/22/2026	519314802	Sleepy Quail Promenade	Passaic	NJ	US	7055	+1 941 433 7712	sismail26@behance.net
3562001680	Nelie	Rollin	Camelin	5602250664479540	amex	500000	7/23/2023	725510273	Burning Glen	Fontana	CA	US	92336	+1 801 991 6031	rcamelin27@bing.com
3562001681	Jacklin		Stango	6771126200690550	master	100000	1/22/2022	111143799	High Concession	Caguas	PR	US	732	+1 212 233 5381	jstango28@disqus.com
3562001682	Ilario		Hadfield	6304715204316940	master	100000	4/7/2017	469721617	Heather Plaza	Brownsville	TX	US	78521	+1 303 456 7717	ihadfield29@columbia.edu
3562001683	Ruperto	Leupold	Martinez	3583060400927120	visa	50000	5/13/2021	759211565	Quaking Street	Caguas	PR	US	727	+1 916 966 0887	lmartinez2a@huffingtonpost.com
3562001687	Meredeth		Blaycock	6334071935110170	amex	500000	3/18/2018	342743043	Little Common	San Marcos	CA	US	92069+1 817 502 7792	mblaycock2e@cdc.gov
3562001688	Torrance		Scrowby	4607915147472950	visa	50000	3/7/2018	727103869	Harvest Beacon Plaza	Stafford	VA	US	22554+1 310 790 1038	tscrowby2f@unicef.org
3562001689	Berton	Ryan	Mc Pake	5371063911268820	master	100000	3/5/2017	338877893	Hazy Butterfly Circle	Martinez	CA	US	92336	+1 765 201 1201	rmcpake2g@cbslocal.com
3562001690	Sigismondo		Clever	3553276103969740	visa	50000	4/6/2027	693722843	High Concession	Caguas	PR	US	732	+1 713 329 4233	sclever2h@prnewswire.com
3562001691	Bidget	Curcio	Chestnutt	5602255813010240	amex	500000	8/27/2023	310164096	Sleepy Quail Promenade	Passaic	NJ	US	7055	+1 901 840 9274	cchestnutt2i@unc.edu
3562001692	Layne	Isacco	Phelips	5602236760338580	amex	500000	12/4/2018	346586073	Old Willow Mall	Caguas	PR	US	726	+1 979 495 1707	iphelips2j@twitter.com
3562001693	Zilvia	Raynard	Fox	5602242963853220	amex	500000	9/25/2027	224472153	Jagged Embers By-pass	San Antonio	TX	US	78227	+1 727 160 0527	rfox2k@over-blog.com
3562001695	Derron	Gothart	Kitchinghan	4913225109356710	visa	50000	10/22/2019	893685782	Burning Glen	Fontana	CA	US	92336	+1 205 795 5603	gkitchinghan2m@histats.com
3562001696	Ray		Dilliway	3583849494251710	visa	50000	7/5/2027	751883259	Heather Plaza	Brownsville	TX	US	78521	+1 904 395 4905	rdilliway2n@istockphoto.com
3562001697	Ebenezer	Corty	Demanche	6759542041496280	master	100000	4/30/2021	150789497	Harvest Beacon Plaza	Stafford	VA	US	22554	+1 317 321 1776	cdemanche2o@slate.com
3562001698	Tillie	Corty	Denisot	3550166575967910	visa	50000	4/23/2025	802751526	Quaking Street	Caguas	PR	US	727	+1 503 318 3058	cdenisot2p@storify.com
3562001699	Brig		Tompkiss	2014268557886530	amex	500000	2/28/2022	342068735	Hazy Pony Square	Pico Rivera	CA	US	90660+1 913 161 0499	btompkiss2q@wikia.com
3562001700	Martha		Harnes	3557727107117620	visa	50000	4/29/2026	327478784	Noble Embers Ridge	Littleton	CO	US	80126	+1 860 906 1706	mharnes2r@about.com
Time taken: 0.099 seconds, Fetched: 60 row(s)
------------------------------------------------------------------------------------------------------------------------------------------------------------

TABLE 2 BRANCH
----------
hive> CREATE TABLE BRANCH(BRANCH_CODE INT,BRANCH_NAME VARCHAR(20),BRANCH_STREET VARCHAR(20),BRANCH_CITY VARCHAR(20),BRANCH_STATE VARCHAR(20),BRANCH_ZIP INT,BRANCH_PHONE VARCHAR(20)) ROW FORMAT DELIMITED FIELDS TERMINATED BY ',' STORED AS TEXTFILE;
OK
Time taken: 0.094 seconds
hive> load data local inpath '/home/naveen/sourcelocal/Branch.csv' into table BRANCH;
Loading data to table sourcedb.branch
Table sourcedb.branch stats: [numFiles=1, totalSize=1396]
OK
Time taken: 0.133 seconds
hive> select * from BRANCH;
OK
6300	SBI_Brownsville	Heather Plaza	Brownsville	TX	78521	1800-200-2535
9526	SBI_Littleton	Noble Embers Ridge	Littleton	CO	80126	1800-500-7121
3422	SBI_Caguas_BPB	Blue Pioneer Bend	Caguas	PR	734	1800-300-7858
8300	SBI_San Marcos	Little Common	San Marcos	CA	92069	1800-700-6985
9527	SBI_Caguas_CRV	Crystal River Mall	Caguas	PR	729	1800-500-5485
3420	SBI_Passaic	Sleepy Quail Promena	Passaic	NJ	7055	1800-300-8524
6301	SBI_Caguas_HC	High Concession	Caguas	PR	732	1800-200-5685
8301	SBI_Lawrence	Foggy Forest Plaza	Lawrence	MA	1841	1800-700-8925
9528	SBI_Caguas_QS	Quaking Street	Caguas	PR	727	1800-500-5425
3421	SBI_Stafford	Harvest Beacon Plaza	Stafford	VA	22554	1800-300-3758
6302	SBI_Caguas_SW	Stony Woods	Caguas	PR	731	1800-200-5685
3428	SBI_San Antonio	Jagged Embers By-pas	San Antonio	TX	78227	1800-300-1758
9529	SBI_Caguas_IOG	Iron Oak Gardens	Caguas	PR	730	1800-500-6325
3430	SBI_Pico Rivera	Hazy Pony Square	Pico Rivera	CA	90660	1800-300-6459
8302	SBI_Fontana	Burning Glen	Fontana	CA	92336	1800-700-7415
3431	SBI_Caguas_IP	Iron Port	Caguas	PR	728	1800-300-3472
9530	SBI_Taylor	Noble Pike	Taylor	MI	48180	1800-500-2578
8305	SBI_Martinez	Hazy Butterfly Circl	Martinez	CA	94553	1800-700-3692
6304	SBI_Caguas_RTB	Red Treasure Bay	Caguas	PR	725	1800-200-5876
9430	SBI_West New York	Old Route	West New York	NJ	7093	1800-500-4925
3425	SBI_Caguas_OWM	Old Willow Mall	Caguas	PR	726	1800-300-3742
Time taken: 0.103 seconds, Fetched: 21 row(s)

------------------------------------------------------------------------------------------------------------------------------------------------------------------------------------------------------
6.....In Hive, temporary table and  for  Creditcard table  and  load Creditcard CSV file
---
ive> CREATE TEMPORARY TABLE CREDITCARD(TRAN_ID INT,TRAN_DATE DATE,CUST_ID BIGINT,CUST_CC_NO BIGINT,CUST_SSN BIGINT,BRANCH_CODE INT,TRAN_TYPE VARCHAR(15),TRAN_VALUE BIGINT) ROW FORMAT DELIMITED FIELDS TERMINATED BY ',' STORED AS TEXTFILE;
OK
Time taken: 0.085 seconds
hive> load data local inpath '/home/naveen/sourcelocal/Tran_creditcard.csv' into table CREDITCARD;
Loading data to table sourcedb.creditcard
Table sourcedb.creditcard stats: [numFiles=1, totalSize=15197]
OK
Time taken: 0.18 seconds
hive> select * from CREDITCARD;
OK
33333	2018-11-28	3562001602	6334878173213670	567936602	9526	Purchase	20000
41012	2018-11-28	3562001602	6334878173213670	567936602	9526	Payment	-20000
42022	2018-12-08	3562001602	6334878173213670	567936602	9526	Purchase	20000
42028	2018-12-15	3562001602	6334878173213670	567936602	9526	Purchase	2000
42033	2018-12-24	3562001602	6334878173213670	567936602	9526	Payment	-3000
42037	2019-01-01	3562001602	6334878173213670	567936602	9526	Purchase	3000
42041	2019-01-11	3562001602	6334878173213670	567936602	9526	Purchase	4000
42044	2019-01-24	3562001602	6334878173213670	567936602	9526	Payment	-2000
42047	2019-01-24	3562001602	6334878173213670	567936602	9526	Payment	-2000
42051	2019-03-01	3562001602	6334878173213670	567936602	9526	Payment	-1000
44444	2018-12-08	3562001602	6334878173213670	567936602	9526	Payment	-20000
89890	2019-03-01	3562001602	6334878173213670	567936602	9526	Purchase	1000
97009	2018-12-15	3562001602	6334878173213670	567936602	9526	Purchase	2000
40901	2016-01-12	3562001603	3567523223820780	190445473	3422	Purchase	50000
40914	2017-08-01	3562001603	3567523223820780	190445473	3422	Purchase	5670
40930	2017-08-01	3562001603	3567523223820780	190445473	3422	Purchase	2340
40935	2018-04-05	3562001603	3567523223820780	190445473	3422	Purchase	45000
40943	2018-04-10	3562001603	3567523223820780	190445473	3422	Payment	-34500
40961	2018-04-11	3562001603	3567523223820780	190445473	3422	Purchase	5000
40965	2018-04-24	3562001603	3567523223820780	190445473	3422	Payment	-3333
40903	2016-01-27	3562001604	3039905356295530	143032108	8300	Purchase	15000
40918	2017-05-12	3562001604	3039905356295530	143032108	8300	Purchase	52100
40962	2017-05-25	3562001604	3039905356295530	143032108	8300	Payment	-30000
41017	2018-12-02	3562001606	3578070062995380	280264513	3420	Purchase	30000
41019	2018-12-04	3562001606	3578070062995380	280264513	3420	Purchase	1000
42027	2018-12-14	3562001606	3578070062995380	280264513	3420	Payment	-1000
42030	2018-12-21	3562001606	3578070062995380	280264513	3420	Payment	-30000
22222	2016-02-05	3562001607	5403648817321420	195223654	6301	Payment	-500
40905	2016-02-05	3562001607	5403648817321420	195223654	6301	Purchase	500
40910	2016-03-15	3562001607	5403648817321420	195223654	6301	Purchase	324
40923	2017-06-17	3562001607	5403648817321420	195223654	6301	Payment	-980
40928	2017-07-04	3562001607	5403648817321420	195223654	6301	Payment	-234
40931	2017-08-18	3562001607	5403648817321420	195223654	6301	Purchase	345
40963	2018-07-03	3562001607	5403648817321420	195223654	6301	Purchase	566
40968	2018-08-02	3562001607	5403648817321420	195223654	6301	Payment	-2500
76002	2016-03-16	3562001607	5403648817321420	195223654	6301	Payment	-324
76007	2017-04-29	3562001607	5403648817321420	195223654	6301	Payment	-678
76008	2017-04-29	3562001607	5403648817321420	195223654	6301	Purchase	678
76010	2017-06-17	3562001607	5403648817321420	195223654	6301	Purchase	980
76013	2017-07-04	3562001607	5403648817321420	195223654	6301	Purchase	234
76014	2017-08-18	3562001607	5403648817321420	195223654	6301	Payment	-345
85613	2018-07-03	3562001607	5403648817321420	195223654	6301	Payment	-566
85617	2018-08-02	3562001607	5403648817321420	195223654	6301	Purchase	2500
40902	2016-02-05	3562001608	3547496963061990	531442970	8301	Purchase	52460
40906	2016-02-17	3562001608	3547496963061990	531442970	8301	Payment	-20000
40912	2016-03-31	3562001608	3547496963061990	531442970	8301	Purchase	7000
40920	2017-06-09	3562001608	3547496963061990	531442970	8301	Purchase	10000
40960	2017-06-09	3562001608	3547496963061990	531442970	8301	Payment	-6700
41004	2018-12-04	3562001611	4936290378811880	653470680	6302	Payment	-10000
41006	2018-12-08	3562001611	4936290378811880	653470680	6302	Purchase	10000
41008	2018-12-08	3562001611	4936290378811880	653470680	6302	Purchase	20000
41011	2018-12-10	3562001611	4936290378811880	653470680	6302	Payment	-20000
41015	2018-12-12	3562001611	4936290378811880	653470680	6302	Purchase	9999
41018	2018-12-15	3562001611	4936290378811880	653470680	6302	Payment	-9999
41021	2018-12-17	3562001611	4936290378811880	653470680	6302	Purchase	999
42023	2018-12-19	3562001611	4936290378811880	653470680	6302	Payment	-999
42025	2018-12-21	3562001611	4936290378811880	653470680	6302	Purchase	2323
42029	2018-12-28	3562001611	4936290378811880	653470680	6302	Payment	-2323
40907	2016-02-10	3562001612	3531017574361360	355714929	3428	Purchase	10000
40922	2017-06-15	3562001612	3531017574361360	355714929	3428	Purchase	50000
40924	2017-06-17	3562001612	3531017574361360	355714929	3428	Payment	-45000
40904	2016-02-03	3562001613	3588589058006900	763905687	9529	Purchase	15000
40909	2016-03-05	3562001615	3566727575950610	398859724	8302	Purchase	6000
40915	2017-04-10	3562001615	3566727575950610	398859724	8302	Purchase	4000
40939	2018-03-03	3562001615	3566727575950610	398859724	8302	Purchase	5000
40944	2018-03-30	3562001615	3566727575950610	398859724	8302	Payment	-1000
41014	2018-11-25	3562001617	3058775791217550	496377931	9530	Purchase	50000
42031	2018-11-29	3562001617	3058775791217550	496377931	9530	Payment	-40000
42035	2018-11-30	3562001617	3058775791217550	496377931	9530	Purchase	30000
42046	2019-02-18	3562001617	3058775791217550	496377931	9530	Purchase	50000
42050	2019-02-24	3562001617	3058775791217550	496377931	9530	Payment	-50000
40927	2017-07-03	3562001621	3537914201882630	462741915	3425	Purchase	1000
40929	2017-07-03	3562001621	3537914201882630	462741915	3425	Purchase	20000
40966	2017-07-30	3562001621	3537914201882630	462741915	3425	Payment	-13500
40976	2018-09-05	3562001621	3537914201882630	462741915	3425	Purchase	30000
40982	2018-09-07	3562001621	3537914201882630	462741915	3425	Purchase	25000
40987	2018-09-10	3562001621	3537914201882630	462741915	3425	Payment	-30000
40992	2018-09-17	3562001621	3537914201882630	462741915	3425	Purchase	300
50992	2018-09-17	3562001621	3537914201882630	462741915	3425	Purchase	300
50993	2018-09-19	3562001621	3537914201882630	462741915	3425	Payment	-3500
50994	2018-09-20	3562001621	3537914201882630	462741915	3425	Payment	-5500
50995	2018-09-22	3562001621	3537914201882630	462741915	3425	Payment	-3300
50997	2018-09-27	3562001621	3537914201882630	462741915	3425	Payment	-5300
40908	2016-02-19	3562001630	6378610833616780	522026991	3428	Purchase	100000
40916	2017-04-14	3562001630	6378610833616780	522026991	3428	Purchase	200000
76001	2016-02-19	3562001630	6378610833616780	522026991	3428	Payment	-100000
76006	2017-04-15	3562001630	6378610833616780	522026991	3428	Payment	-200000
42039	2019-02-08	3562001631	3537861601381620	417953628	9526	Purchase	25000
42048	2019-02-21	3562001631	3537861601381620	417953628	9526	Payment	-20000
40911	2016-03-29	3562001635	5602257512986730	742724564	3430	Purchase	200000
40919	2017-05-17	3562001635	5602257512986730	742724564	3430	Purchase	100000
40926	2017-05-19	3562001635	5602257512986730	742724564	3430	Payment	-50000
76003	2016-03-29	3562001635	5602257512986730	742724564	3430	Payment	-200000
76009	2017-06-17	3562001635	5602257512986730	742724564	3430	Purchase	50000
76012	2017-06-19	3562001635	5602257512986730	742724564	3430	Payment	-50000
40941	2018-03-22	3562001638	5210169439885370	610816990	3420	Purchase	10000
40964	2018-07-10	3562001638	5210169439885370	610816990	3420	Payment	-4000
40967	2018-07-30	3562001638	5210169439885370	610816990	3420	Purchase	8000
76004	2017-04-01	3562001638	5210169439885370	610816990	3420	Payment	-8000
76005	2017-04-01	3562001638	5210169439885370	610816990	3420	Purchase	8000
76018	2018-03-22	3562001638	5210169439885370	610816990	3420	Payment	-10000
85615	2018-07-10	3562001638	5210169439885370	610816990	3420	Purchase	4000
85616	2018-07-30	3562001638	5210169439885370	610816990	3420	Payment	-8000
42034	2018-12-27	3562001649	5127419432105430	531517681	6300	Purchase	20000
42036	2018-12-30	3562001649	5127419432105430	531517681	6300	Purchase	40000
42038	2019-01-02	3562001649	5127419432105430	531517681	6300	Purchase	400000
42045	2019-02-12	3562001649	5127419432105430	531517681	6300	Purchase	60000
42049	2019-02-22	3562001649	5127419432105430	531517681	6300	Purchase	60000
55669	2018-12-30	3562001649	5127419432105430	531517681	6300	Payment	-40000
55670	2018-12-27	3562001649	5127419432105430	531517681	6300	Payment	-20000
55671	2019-01-03	3562001649	5127419432105430	531517681	6300	Payment	-400000
65456	2019-02-12	3562001649	5127419432105430	531517681	6300	Payment	-60000
67892	2019-02-23	3562001649	5127419432105430	531517681	6300	Payment	-60000
40942	2018-04-12	3562001652	3553250558494440	185955202	9526	Purchase	2000
40947	2018-06-01	3562001652	3553250558494440	185955202	9526	Purchase	10000
40951	2018-08-11	3562001652	3553250558494440	185955202	9526	Purchase	6000
40975	2018-08-25	3562001652	3553250558494440	185955202	9526	Purchase	100
40979	2018-08-30	3562001652	3553250558494440	185955202	9526	Purchase	200
40981	2018-08-06	3562001652	3553250558494440	185955202	9526	Purchase	289
40986	2018-08-24	3562001652	3553250558494440	185955202	9526	Purchase	100
40993	2018-10-02	3562001652	3553250558494440	185955202	9526	Purchase	200
40997	2018-10-12	3562001652	3553250558494440	185955202	9526	Purchase	100
40999	2018-10-22	3562001652	3553250558494440	185955202	9526	Purchase	100
41013	2018-12-02	3562001662	2017763113611190	651396269	9528	Purchase	20000
41016	2018-12-01	3562001662	2017763113611190	651396269	9528	Purchase	20000
41020	2018-12-06	3562001662	2017763113611190	651396269	9528	Purchase	20000
42024	2018-12-09	3562001662	2017763113611190	651396269	9528	Payment	-20000
42026	2018-12-12	3562001662	2017763113611190	651396269	9528	Purchase	20000
42032	2018-12-23	3562001662	2017763113611190	651396269	9528	Payment	-20000
50000	2020-04-13	3562001662	2017763113611190	651396269	9528	Purchase	25200
50010	2020-04-15	3562001662	2017763113611190	651396269	9528	Payment	-20000
50012	2020-04-23	3562001662	2017763113611190	651396269	9528	Purchase	5000
50013	2020-05-10	3562001662	2017763113611190	651396269	9528	Purchase	22055
50014	2020-05-23	3562001662	2017763113611190	651396269	9528	Payment	-20000
40933	2017-09-05	3562001664	6334792030406340	639326651	3422	Payment	-7000
40937	2018-02-22	3562001664	6334792030406340	639326651	3422	Purchase	100000
40949	2018-07-07	3562001664	6334792030406340	639326651	3422	Payment	-200000
76016	2017-09-05	3562001664	6334792030406340	639326651	3422	Purchase	7000
76017	2018-02-22	3562001664	6334792030406340	639326651	3422	Payment	-100000
85614	2018-07-07	3562001664	6334792030406340	639326651	3422	Purchase	200000
40921	2017-06-12	3562001674	3549138667705450	828832569	8301	Purchase	20000
40925	2017-06-17	3562001674	3549138667705450	854984549	3422	Payment	-20000
40932	2017-08-28	3562001674	3549138667705450	854984549	3422	Purchase	10000
40946	2018-05-18	3562001674	3549138667705450	854984549	3422	Purchase	670
40950	2018-07-21	3562001674	3549138667705450	828832569	8301	Purchase	14000
40974	2018-07-23	3562001674	3549138667705450	828832569	8301	Payment	-14000
40977	2018-08-28	3562001674	3549138667705450	854984549	3422	Purchase	10000
40980	2018-09-01	3562001674	3549138667705450	828832569	8301	Purchase	200000
40983	2018-09-12	3562001674	3549138667705450	854984549	3422	Purchase	10000
40985	2018-09-23	3562001674	3549138667705450	828832569	8301	Purchase	50000
40988	2018-09-26	3562001674	3549138667705450	854984549	3422	Purchase	10000
40990	2018-09-28	3562001674	3549138667705450	854984549	3422	Purchase	10000
40991	2018-09-30	3562001674	3549138667705450	828832569	8301	Payment	-232500
67890	2018-09-28	3562001674	3549138667705450	854984549	3422	Payment	-10000
76011	2017-06-17	3562001674	3549138667705450	854984549	3422	Purchase	20000
76015	2017-08-28	3562001674	3549138667705450	854984549	3422	Payment	-10000
85612	2018-05-18	3562001674	3549138667705450	854984549	3422	Payment	-670
97001	2018-08-28	3562001674	3549138667705450	854984549	3422	Payment	-10000
97005	2018-09-12	3562001674	3549138667705450	854984549	3422	Payment	-8000
97006	2018-09-26	3562001674	3549138667705450	854984549	3422	Payment	-10000
42040	2019-01-09	3562001678	3041940220450330	580262327	3430	Purchase	200000
42042	2019-01-12	3562001678	3041940220450330	580262327	3430	Payment	-150000
52045	2019-01-12	3562001678	3041940220450330	580262327	3430	Payment	-50000
52046	2019-01-13	3562001678	3041940220450330	580262327	3430	Purchase	150000
52049	2019-01-18	3562001678	3041940220450330	580262327	3430	Payment	-50000
40904	2018-10-03	3562001682	6304715204316940	469721617	6300	Purchase	6700
40945	2018-05-05	3562001682	6304715204316940	469721617	6300	Purchase	50000
40954	2018-09-01	3562001682	6304715204316940	469721617	6300	Payment	-6700
40978	2018-08-29	3562001682	6304715204316940	469721617	6300	Payment	-6700
40984	2018-09-12	3562001682	6304715204316940	469721617	6300	Payment	-6700
40994	2018-10-03	3562001682	6304715204316940	469721617	6300	Payment	-2400
85611	2018-05-05	3562001682	6304715204316940	469721617	6300	Payment	-50000
97002	2018-08-29	3562001682	6304715204316940	469721617	6300	Purchase	6700
97003	2018-09-02	3562001682	6304715204316940	469721617	6300	Purchase	6700
97004	2018-09-12	3562001682	6304715204316940	469721617	6300	Purchase	6700
40934	2018-06-01	3562001688	4607915147472950	727103869	3421	Purchase	10000
40959	2018-06-10	3562001688	4607915147472950	727103869	3421	Payment	-3400
40972	2018-06-23	3562001688	4607915147472950	727103869	3421	Payment	-5400
40952	2018-08-15	3562001692	5602236760338580	346586073	3425	Purchase	10000
40956	2018-09-12	3562001692	5602236760338580	346586073	3425	Purchase	20000
40996	2018-10-11	3562001692	5602236760338580	346586073	3425	Purchase	10000
41001	2018-10-27	3562001692	5602236760338580	346586073	3425	Payment	-10000
41003	2019-11-04	3562001692	5602236760338580	346586073	3425	Purchase	10000
41009	2018-11-24	3562001692	5602236760338580	346586073	3425	Payment	-10000
40936	2018-02-03	3562001696	3583849494251710	751883259	6300	Purchase	10000
40948	2018-06-02	3562001696	3583849494251710	751883259	6300	Purchase	7800
40971	2018-06-20	3562001696	3583849494251710	751883259	6300	Payment	-7400
40995	2018-10-04	3562001696	3583849494251710	751883259	6300	Purchase	5000
40998	2018-10-20	3562001696	3583849494251710	751883259	6300	Purchase	2000
41000	2018-10-23	3562001696	3583849494251710	751883259	6300	Payment	-3000
41002	2018-11-03	3562001696	3583849494251710	751883259	6300	Purchase	30000
41005	2018-11-15	3562001696	3583849494251710	751883259	6300	Purchase	12000
41007	2018-11-21	3562001696	3583849494251710	751883259	6300	Purchase	1000
41010	2018-11-25	3562001696	3583849494251710	751883259	6300	Payment	-40000
30010	2018-08-13	3562001699	2014268557886530	342068735	3430	Purchase	6000
40938	2018-03-07	3562001699	2014268557886530	342068735	3430	Purchase	23400
40940	2018-03-13	3562001699	2014268557886530	342068735	3430	Purchase	4440
40953	2018-03-20	3562001699	2014268557886530	342068735	3430	Purchase	7000
40955	2018-03-25	3562001699	2014268557886530	342068735	3430	Payment	-4500
40957	2018-03-21	3562001699	2014268557886530	342068735	3430	Payment	-15000
40958	2018-03-31	3562001699	2014268557886530	342068735	3430	Payment	-10340
40969	2018-08-10	3562001699	2014268557886530	342068735	3430	Purchase	2400
40970	2018-08-19	3562001699	2014268557886530	342068735	3430	Payment	-1400
40973	2018-08-23	3562001699	2014268557886530	342068735	3430	Payment	-1000
Time taken: 0.109 seconds, Fetched: 204 row(s)


